
> website@0.0.1 build
> astro build

[2m18:24:45[22m [34m[types][39m Generated [2m516ms[22m
[2m18:24:45[22m [34m[build][39m output: [34m"server"[39m
[2m18:24:45[22m [34m[build][39m mode: [34m"server"[39m
[2m18:24:45[22m [34m[build][39m directory: [34mC:\website\dist\[39m
[2m18:24:45[22m [34m[build][39m adapter: [32m@astrojs/vercel[39m
[2m18:24:45[22m [34m[build][39m Collecting build info...
[2m18:24:45[22m [34m[build][39m [32m✓ Completed in 995ms.[39m
[2m18:24:45[22m [34m[build][39m Building server entrypoints...
[2m18:24:47[22m [34m[vite][39m [32m✓ built in 2.05s[39m
[2m18:24:51[22m [34m[vite][39m [32m✓ built in 4.25s[39m
[2m18:24:51[22m [34m[vite][39m [32m✓ built in 86ms[39m

[42m[30m prerendering static routes [39m[49m
[2m18:24:52[22m   [34m├─[39m [2m/en/blog/can-you-lose-job-offer-negotiating/index.html[22m [2m(+80ms)[22m 
[2m18:24:52[22m   [34m├─[39m [2m/en/blog/how-much-to-counter-offer/index.html[22m [2m(+12ms)[22m 
[2m18:24:52[22m   [34m├─[39m [2m/en/blog/counter-offer-email-templates/index.html[22m [2m(+12ms)[22m 
[2m18:24:52[22m   [34m├─[39m [2m/en/blog/compare-two-job-offers/index.html[22m [2m(+8ms)[22m 
[2m18:24:52[22m   [34m├─[39m [2m/en/blog/recruiter-salary-expectations-script/index.html[22m [2m(+34ms)[22m 
[2m18:24:52[22m   [34m├─[39m [2m/en/blog/base-salary-vs-equity-vs-bonus/index.html[22m [2m(+69ms)[22m 
[2m18:24:52[22m   [34m├─[39m [2m/es/blog/can-you-lose-job-offer-negotiating/index.html[22m [2m(+39ms)[22m 
[2m18:24:52[22m   [34m├─[39m [2m/es/blog/how-much-to-counter-offer/index.html[22m [2m(+61ms)[22m 
[2m18:24:52[22m   [34m├─[39m [2m/es/blog/counter-offer-email-templates/index.html[22m [2m(+17ms)[22m 
[2m18:24:52[22m   [34m├─[39m [2m/es/blog/compare-two-job-offers/index.html[22m [2m(+7ms)[22m 
[2m18:24:52[22m   [34m├─[39m [2m/es/blog/recruiter-salary-expectations-script/index.html[22m [2m(+9ms)[22m 
[2m18:24:52[22m   [34m├─[39m [2m/es/blog/base-salary-vs-equity-vs-bonus/index.html[22m [2m(+8ms)[22m 
[2m18:24:52[22m   [34m├─[39m [2m/fr/blog/can-you-lose-job-offer-negotiating/index.html[22m [2m(+15ms)[22m 
[2m18:24:52[22m   [34m├─[39m [2m/fr/blog/how-much-to-counter-offer/index.html[22m [2m(+6ms)[22m 
[2m18:24:52[22m   [34m├─[39m [2m/fr/blog/counter-offer-email-templates/index.html[22m [2m(+8ms)[22m 
[2m18:24:52[22m   [34m├─[39m [2m/fr/blog/compare-two-job-offers/index.html[22m [2m(+8ms)[22m 
[2m18:24:52[22m   [34m├─[39m [2m/fr/blog/recruiter-salary-expectations-script/index.html[22m [2m(+7ms)[22m 
[2m18:24:52[22m   [34m├─[39m [2m/fr/blog/base-salary-vs-equity-vs-bonus/index.html[22m [2m(+10ms)[22m 
[2m18:24:52[22m   [34m├─[39m [2m/de/blog/can-you-lose-job-offer-negotiating/index.html[22m [2m(+11ms)[22m 
[2m18:24:52[22m   [34m├─[39m [2m/de/blog/how-much-to-counter-offer/index.html[22m [2m(+5ms)[22m 
[2m18:24:52[22m   [34m├─[39m [2m/de/blog/counter-offer-email-templates/index.html[22m [2m(+6ms)[22m 
[2m18:24:52[22m   [34m├─[39m [2m/de/blog/compare-two-job-offers/index.html[22m [2m(+9ms)[22m 
[2m18:24:52[22m   [34m├─[39m [2m/de/blog/recruiter-salary-expectations-script/index.html[22m [2m(+5ms)[22m 
[2m18:24:52[22m   [34m├─[39m [2m/de/blog/base-salary-vs-equity-vs-bonus/index.html[22m [2m(+9ms)[22m 
[2m18:24:52[22m   [34m├─[39m [2m/pt/blog/can-you-lose-job-offer-negotiating/index.html[22m [2m(+7ms)[22m 
[2m18:24:52[22m   [34m├─[39m [2m/pt/blog/how-much-to-counter-offer/index.html[22m [2m(+7ms)[22m 
[2m18:24:52[22m   [34m├─[39m [2m/pt/blog/counter-offer-email-templates/index.html[22m [2m(+6ms)[22m 
[2m18:24:52[22m   [34m├─[39m [2m/pt/blog/compare-two-job-offers/index.html[22m [2m(+8ms)[22m 
[2m18:24:52[22m   [34m├─[39m [2m/pt/blog/recruiter-salary-expectations-script/index.html[22m [2m(+5ms)[22m 
[2m18:24:52[22m   [34m├─[39m [2m/pt/blog/base-salary-vs-equity-vs-bonus/index.html[22m [2m(+12ms)[22m 
[2m18:24:52[22m   [34m├─[39m [2m/it/blog/can-you-lose-job-offer-negotiating/index.html[22m [2m(+8ms)[22m 
[2m18:24:52[22m   [34m├─[39m [2m/it/blog/how-much-to-counter-offer/index.html[22m [2m(+9ms)[22m 
[2m18:24:52[22m   [34m├─[39m [2m/it/blog/counter-offer-email-templates/index.html[22m [2m(+11ms)[22m 
[2m18:24:52[22m   [34m├─[39m [2m/it/blog/compare-two-job-offers/index.html[22m [2m(+7ms)[22m 
[2m18:24:52[22m   [34m├─[39m [2m/it/blog/recruiter-salary-expectations-script/index.html[22m [2m(+5ms)[22m 
[2m18:24:52[22m   [34m├─[39m [2m/it/blog/base-salary-vs-equity-vs-bonus/index.html[22m [2m(+6ms)[22m 
[2m18:24:52[22m   [34m├─[39m [2m/ja/blog/can-you-lose-job-offer-negotiating/index.html[22m [2m(+11ms)[22m 
[2m18:24:52[22m   [34m├─[39m [2m/ja/blog/how-much-to-counter-offer/index.html[22m [2m(+6ms)[22m 
[2m18:24:52[22m   [34m├─[39m [2m/ja/blog/counter-offer-email-templates/index.html[22m [2m(+11ms)[22m 
[2m18:24:52[22m   [34m├─[39m [2m/ja/blog/compare-two-job-offers/index.html[22m [2m(+5ms)[22m 
[2m18:24:52[22m   [34m├─[39m [2m/ja/blog/recruiter-salary-expectations-script/index.html[22m [2m(+9ms)[22m 
[2m18:24:52[22m   [34m├─[39m [2m/ja/blog/base-salary-vs-equity-vs-bonus/index.html[22m [2m(+6ms)[22m 
[2m18:24:52[22m   [34m├─[39m [2m/en/glossary/what-is-gross-salary/index.html[22m [2m(+15ms)[22m 
[2m18:24:52[22m   [34m├─[39m [2m/en/glossary/what-is-salary/index.html[22m [2m(+10ms)[22m 
[2m18:24:52[22m   [34m├─[39m [2m/en/glossary/what-does-salary-mean/index.html[22m [2m(+8ms)[22m 
[2m18:24:52[22m   [34m├─[39m [2m/en/glossary/how-does-salary-pay-work/index.html[22m [2m(+10ms)[22m 
[2m18:24:52[22m   [34m├─[39m [2m/es/glossary/what-is-gross-salary/index.html[22m [2m(+6ms)[22m 
[2m18:24:52[22m   [34m├─[39m [2m/es/glossary/what-is-salary/index.html[22m [2m(+8ms)[22m 
[2m18:24:52[22m   [34m├─[39m [2m/es/glossary/what-does-salary-mean/index.html[22m [2m(+9ms)[22m 
[2m18:24:52[22m   [34m├─[39m [2m/es/glossary/how-does-salary-pay-work/index.html[22m [2m(+26ms)[22m 
[2m18:24:52[22m   [34m├─[39m [2m/fr/glossary/what-is-gross-salary/index.html[22m [2m(+17ms)[22m 
[2m18:24:52[22m   [34m├─[39m [2m/fr/glossary/what-is-salary/index.html[22m [2m(+16ms)[22m 
[2m18:24:52[22m   [34m├─[39m [2m/fr/glossary/what-does-salary-mean/index.html[22m [2m(+27ms)[22m 
[2m18:24:52[22m   [34m├─[39m [2m/fr/glossary/how-does-salary-pay-work/index.html[22m [2m(+6ms)[22m 
[2m18:24:52[22m   [34m├─[39m [2m/de/glossary/what-is-gross-salary/index.html[22m [2m(+10ms)[22m 
[2m18:24:52[22m   [34m├─[39m [2m/de/glossary/what-is-salary/index.html[22m [2m(+13ms)[22m 
[2m18:24:52[22m   [34m├─[39m [2m/de/glossary/what-does-salary-mean/index.html[22m [2m(+7ms)[22m 
[2m18:24:52[22m   [34m├─[39m [2m/de/glossary/how-does-salary-pay-work/index.html[22m [2m(+9ms)[22m 
[2m18:24:53[22m   [34m├─[39m [2m/pt/glossary/what-is-gross-salary/index.html[22m [2m(+8ms)[22m 
[2m18:24:53[22m   [34m├─[39m [2m/pt/glossary/what-is-salary/index.html[22m [2m(+8ms)[22m 
[2m18:24:53[22m   [34m├─[39m [2m/pt/glossary/what-does-salary-mean/index.html[22m [2m(+6ms)[22m 
[2m18:24:53[22m   [34m├─[39m [2m/pt/glossary/how-does-salary-pay-work/index.html[22m [2m(+8ms)[22m 
[2m18:24:53[22m   [34m├─[39m [2m/it/glossary/what-is-gross-salary/index.html[22m [2m(+7ms)[22m 
[2m18:24:53[22m   [34m├─[39m [2m/it/glossary/what-is-salary/index.html[22m [2m(+8ms)[22m 
[2m18:24:53[22m   [34m├─[39m [2m/it/glossary/what-does-salary-mean/index.html[22m [2m(+6ms)[22m 
[2m18:24:53[22m   [34m├─[39m [2m/it/glossary/how-does-salary-pay-work/index.html[22m [2m(+6ms)[22m 
[2m18:24:53[22m   [34m├─[39m [2m/ja/glossary/what-is-gross-salary/index.html[22m [2m(+10ms)[22m 
[2m18:24:53[22m   [34m├─[39m [2m/ja/glossary/what-is-salary/index.html[22m [2m(+6ms)[22m 
[2m18:24:53[22m   [34m├─[39m [2m/ja/glossary/what-does-salary-mean/index.html[22m [2m(+7ms)[22m 
[2m18:24:53[22m   [34m├─[39m [2m/ja/glossary/how-does-salary-pay-work/index.html[22m [2m(+5ms)[22m 
[2m18:24:53[22m   [34m├─[39m [2m/en/negotiate/software-engineer/index.html[22m [2m(+12ms)[22m 
[2m18:24:53[22m   [34m├─[39m [2m/en/negotiate/product-manager/index.html[22m [2m(+7ms)[22m 
[2m18:24:53[22m   [34m├─[39m [2m/en/negotiate/data-scientist/index.html[22m [2m(+9ms)[22m 
[2m18:24:53[22m   [34m├─[39m [2m/en/negotiate/ux-designer/index.html[22m [2m(+13ms)[22m 
[2m18:24:53[22m   [34m├─[39m [2m/en/negotiate/nurse-practitioner/index.html[22m [2m(+13ms)[22m 
[2m18:24:53[22m   [34m├─[39m [2m/en/negotiate/marketing-manager/index.html[22m [2m(+9ms)[22m 
[2m18:24:53[22m   [34m├─[39m [2m/en/negotiate/devops-engineer/index.html[22m [2m(+10ms)[22m 
[2m18:24:53[22m   [34m├─[39m [2m/en/negotiate/sales-manager/index.html[22m [2m(+14ms)[22m 
[2m18:24:53[22m   [34m├─[39m [2m/en/negotiate/account-executive/index.html[22m [2m(+64ms)[22m 
[2m18:24:53[22m   [34m├─[39m [2m/en/negotiate/hr-business-partner/index.html[22m [2m(+14ms)[22m 
[2m18:24:53[22m   [34m├─[39m [2m/es/negotiate/software-engineer/index.html[22m [2m(+21ms)[22m 
[2m18:24:53[22m   [34m├─[39m [2m/es/negotiate/product-manager/index.html[22m [2m(+11ms)[22m 
[2m18:24:53[22m   [34m├─[39m [2m/es/negotiate/data-scientist/index.html[22m [2m(+18ms)[22m 
[2m18:24:53[22m   [34m├─[39m [2m/es/negotiate/ux-designer/index.html[22m [2m(+8ms)[22m 
[2m18:24:53[22m   [34m├─[39m [2m/es/negotiate/nurse-practitioner/index.html[22m [2m(+5ms)[22m 
[2m18:24:53[22m   [34m├─[39m [2m/es/negotiate/marketing-manager/index.html[22m [2m(+8ms)[22m 
[2m18:24:53[22m   [34m├─[39m [2m/es/negotiate/devops-engineer/index.html[22m [2m(+7ms)[22m 
[2m18:24:53[22m   [34m├─[39m [2m/es/negotiate/sales-manager/index.html[22m [2m(+9ms)[22m 
[2m18:24:53[22m   [34m├─[39m [2m/es/negotiate/account-executive/index.html[22m [2m(+6ms)[22m 
[2m18:24:53[22m   [34m├─[39m [2m/es/negotiate/hr-business-partner/index.html[22m [2m(+8ms)[22m 
[2m18:24:53[22m   [34m├─[39m [2m/fr/negotiate/software-engineer/index.html[22m [2m(+8ms)[22m 
[2m18:24:53[22m   [34m├─[39m [2m/fr/negotiate/product-manager/index.html[22m [2m(+9ms)[22m 
[2m18:24:53[22m   [34m├─[39m [2m/fr/negotiate/data-scientist/index.html[22m [2m(+6ms)[22m 
[2m18:24:53[22m   [34m├─[39m [2m/fr/negotiate/ux-designer/index.html[22m [2m(+9ms)[22m 
[2m18:24:53[22m   [34m├─[39m [2m/fr/negotiate/nurse-practitioner/index.html[22m [2m(+6ms)[22m 
[2m18:24:53[22m   [34m├─[39m [2m/fr/negotiate/marketing-manager/index.html[22m [2m(+7ms)[22m 
[2m18:24:53[22m   [34m├─[39m [2m/fr/negotiate/devops-engineer/index.html[22m [2m(+6ms)[22m 
[2m18:24:53[22m   [34m├─[39m [2m/fr/negotiate/sales-manager/index.html[22m [2m(+6ms)[22m 
[2m18:24:53[22m   [34m├─[39m [2m/fr/negotiate/account-executive/index.html[22m [2m(+7ms)[22m 
[2m18:24:53[22m   [34m├─[39m [2m/fr/negotiate/hr-business-partner/index.html[22m [2m(+6ms)[22m 
[2m18:24:53[22m   [34m├─[39m [2m/de/negotiate/software-engineer/index.html[22m [2m(+8ms)[22m 
[2m18:24:53[22m   [34m├─[39m [2m/de/negotiate/product-manager/index.html[22m [2m(+5ms)[22m 
[2m18:24:53[22m   [34m├─[39m [2m/de/negotiate/data-scientist/index.html[22m [2m(+8ms)[22m 
[2m18:24:53[22m   [34m├─[39m [2m/de/negotiate/ux-designer/index.html[22m [2m(+5ms)[22m 
[2m18:24:53[22m   [34m├─[39m [2m/de/negotiate/nurse-practitioner/index.html[22m [2m(+13ms)[22m 
[2m18:24:53[22m   [34m├─[39m [2m/de/negotiate/marketing-manager/index.html[22m [2m(+6ms)[22m 
[2m18:24:53[22m   [34m├─[39m [2m/de/negotiate/devops-engineer/index.html[22m [2m(+7ms)[22m 
[2m18:24:53[22m   [34m├─[39m [2m/de/negotiate/sales-manager/index.html[22m [2m(+8ms)[22m 
[2m18:24:53[22m   [34m├─[39m [2m/de/negotiate/account-executive/index.html[22m [2m(+10ms)[22m 
[2m18:24:53[22m   [34m├─[39m [2m/de/negotiate/hr-business-partner/index.html[22m [2m(+7ms)[22m 
[2m18:24:53[22m   [34m├─[39m [2m/pt/negotiate/software-engineer/index.html[22m [2m(+13ms)[22m 
[2m18:24:53[22m   [34m├─[39m [2m/pt/negotiate/product-manager/index.html[22m [2m(+8ms)[22m 
[2m18:24:53[22m   [34m├─[39m [2m/pt/negotiate/data-scientist/index.html[22m [2m(+6ms)[22m 
[2m18:24:53[22m   [34m├─[39m [2m/pt/negotiate/ux-designer/index.html[22m [2m(+7ms)[22m 
[2m18:24:53[22m   [34m├─[39m [2m/pt/negotiate/nurse-practitioner/index.html[22m [2m(+7ms)[22m 
[2m18:24:53[22m   [34m├─[39m [2m/pt/negotiate/marketing-manager/index.html[22m [2m(+5ms)[22m 
[2m18:24:53[22m   [34m├─[39m [2m/pt/negotiate/devops-engineer/index.html[22m [2m(+8ms)[22m 
[2m18:24:53[22m   [34m├─[39m [2m/pt/negotiate/sales-manager/index.html[22m [2m(+6ms)[22m 
[2m18:24:53[22m   [34m├─[39m [2m/pt/negotiate/account-executive/index.html[22m [2m(+8ms)[22m 
[2m18:24:53[22m   [34m├─[39m [2m/pt/negotiate/hr-business-partner/index.html[22m [2m(+6ms)[22m 
[2m18:24:53[22m   [34m├─[39m [2m/it/negotiate/software-engineer/index.html[22m [2m(+11ms)[22m 
[2m18:24:53[22m   [34m├─[39m [2m/it/negotiate/product-manager/index.html[22m [2m(+12ms)[22m 
[2m18:24:53[22m   [34m├─[39m [2m/it/negotiate/data-scientist/index.html[22m [2m(+7ms)[22m 
[2m18:24:53[22m   [34m├─[39m [2m/it/negotiate/ux-designer/index.html[22m [2m(+9ms)[22m 
[2m18:24:53[22m   [34m├─[39m [2m/it/negotiate/nurse-practitioner/index.html[22m [2m(+32ms)[22m 
[2m18:24:53[22m   [34m├─[39m [2m/it/negotiate/marketing-manager/index.html[22m [2m(+15ms)[22m 
[2m18:24:53[22m   [34m├─[39m [2m/it/negotiate/devops-engineer/index.html[22m [2m(+11ms)[22m 
[2m18:24:53[22m   [34m├─[39m [2m/it/negotiate/sales-manager/index.html[22m [2m(+5ms)[22m 
[2m18:24:53[22m   [34m├─[39m [2m/it/negotiate/account-executive/index.html[22m [2m(+7ms)[22m 
[2m18:24:53[22m   [34m├─[39m [2m/it/negotiate/hr-business-partner/index.html[22m [2m(+5ms)[22m 
[2m18:24:53[22m   [34m├─[39m [2m/ja/negotiate/software-engineer/index.html[22m [2m(+9ms)[22m 
[2m18:24:53[22m   [34m├─[39m [2m/ja/negotiate/product-manager/index.html[22m [2m(+5ms)[22m 
[2m18:24:53[22m   [34m├─[39m [2m/ja/negotiate/data-scientist/index.html[22m [2m(+7ms)[22m 
[2m18:24:53[22m   [34m├─[39m [2m/ja/negotiate/ux-designer/index.html[22m [2m(+6ms)[22m 
[2m18:24:53[22m   [34m├─[39m [2m/ja/negotiate/nurse-practitioner/index.html[22m [2m(+6ms)[22m 
[2m18:24:53[22m   [34m├─[39m [2m/ja/negotiate/marketing-manager/index.html[22m [2m(+8ms)[22m 
[2m18:24:53[22m   [34m├─[39m [2m/ja/negotiate/devops-engineer/index.html[22m [2m(+6ms)[22m 
[2m18:24:53[22m   [34m├─[39m [2m/ja/negotiate/sales-manager/index.html[22m [2m(+7ms)[22m 
[2m18:24:53[22m   [34m├─[39m [2m/ja/negotiate/account-executive/index.html[22m [2m(+6ms)[22m 
[2m18:24:53[22m   [34m├─[39m [2m/ja/negotiate/hr-business-partner/index.html[22m [2m(+8ms)[22m 
[2m18:24:53[22m [32m✓ Completed in 2.04s.
[39m
[2m18:24:53[22m [34m[build][39m Rearranging server assets...
[2m18:24:53[22m [34m[build][39m [32m✓ Completed in 8.70s.[39m
[2m18:24:54[22m [34m[@astrojs/vercel][39m Bundling function ..\..\..\..\dist\server\entry.mjs
[2m18:25:00[22m [34m[build][39m Waiting for integration [1m"@astrojs/vercel"[22m, hook [1m"astro:build:done"[22m...
[2m18:25:08[22m [34m[@astrojs/sitemap][39m `sitemap-index.xml` created at `dist\client`
[2m18:25:08[22m [34m[@astrojs/vercel][39m Copying static files to .vercel/output/static
[2m18:25:09[22m [34m[build][39m Server built in [1m25.06s[22m
[2m18:25:09[22m [34m[build][39m [1mComplete![22m
